// Jest Snapshot v1, https://goo.gl/fbAQLP

exports[`ListMovies component render ListMovies snapshot 1`] = `
<DocumentFragment>
  <div
    class="flex-column mb-4 listMoviesContainer row"
  >
    <div
      class="pl-0 mt-4 mb-4 col"
    >
      <span
        class="countMovies"
      >
        0
      </span>
      <span
        class="moviesFoundLabel"
      >
        movies found
      </span>
    </div>
    <div
      class="col"
    >
      <div
        class="noMovieFound"
      >
        <h2
          class="noMovieFoundLabel"
        >
          No Movie Found
        </h2>
      </div>
    </div>
  </div>
</DocumentFragment>
`;
